// Jest Snapshot v1, https://goo.gl/fbAQLP

exports[`<Home /> renders <Home /> 1`] = `
<div
  className="home-page"
>
  <header>
    <div
      className="navbar navbar-dark bg-dark shadow-sm"
    >
      <div
        className="container d-flex justify-content-between"
      >
        <a
          className="navbar-brand d-flex align-items-center"
          href="#home"
        >
          <strong>
            React/Redux quick start
          </strong>
        </a>
      </div>
    </div>
  </header>
  <div
    className="album py-5 bg-light"
  >
    <div
      className="container"
    >
      <div
        className="row"
      >
        <div
          className="col-sm"
        >
          <button
            className="btn btn-primary"
            id="get-messages"
            onClick={[Function]}
            type="button"
          >
            Get messages
          </button>
        </div>
        <div
          className="col-sm"
        >
          <button
            className="btn btn-secondary"
            id="get-message"
            onClick={[Function]}
            type="button"
          >
            Get message 1
          </button>
        </div>
      </div>
      <div
        className="row"
      >
        <div
          className="col-md-4"
        />
      </div>
    </div>
  </div>
</div>
`;
